
a.out:     file format elf32-avr


Disassembly of section .text:

00000000 <main>:
  // This is the first code to run.
  //
  // Optiboot C code makes the following assumptions:
  //  No interrupts will execute
  //  SP points to RAMEND
  __asm__ __volatile__ ("clr __zero_reg__"); // known-zero required by avr-libc
   0:	11 24       	eor	r1, r1
  // 2. Realized (!(ch & (~RSTCTRL_BORF_bm))) is the same as (ch==RSTCTRL_BORF_bm) - but saves flash!
  // 3. Realized (!(ch & (~(RSTCTRL_BORF_bm | RSTCTRL_PORF_bm)))), because PORF is bit 0 and BORF is bit 1
  // and we already check that ch is not 0... so that works out to be the same as (ch < 4)
  // on a theoretical part where those bits were in different positions, this wouldn't be valid.
  // but on these parts it is: saves flash.
  ch = RSTCTRL.RSTFR;   // get reset cause
   2:	80 91 40 00 	lds	r24, 0x0040	; 0x800040 <__TEXT_REGION_LENGTH__+0x700040>

  if (ch == 0) {
   6:	81 11       	cpse	r24, r1
   8:	05 c0       	rjmp	.+10     	; 0x14 <__zero_reg__+0x13>
    // If app jumped direct to bootloader, we are in dangerous territory; the peripherals could be
    // a million flavors of bad! We assume everything is freshly reset. So, to stay safe, reset
    // immediately via software reset. Since this is an entry condition, we will achieve the naive
    // fool's intent (directly entering the bootloader).
    // We can also end up here on a freshly bootloaded chip
    _PROTECTED_WRITE(RSTCTRL.SWRR, 1);
   a:	98 ed       	ldi	r25, 0xD8	; 216
   c:	21 e0       	ldi	r18, 0x01	; 1
   e:	94 bf       	out	0x34, r25	; 52
  10:	20 93 41 00 	sts	0x0041, r18	; 0x800041 <__TEXT_REGION_LENGTH__+0x700041>
  #if defined(ENTRYCOND_REQUIRE)
    // If WDRF is set OR nothing except BORF and/or PORF is set, which are not entry conditions.
    // If this isn't true, EXTRF, SWRF, or UPDIRF set; all are entry condiions.
    if (ch & RSTCTRL_WDRF_bm || ((ch & ENTRYCOND_REQUIRE) == 0) ) {
  #else //No require specified, treat as all.
    if (ch & RSTCTRL_WDRF_bm || ((ch & 0x35) == 0)) {
  14:	83 fd       	sbrc	r24, 3
  16:	03 c0       	rjmp	.+6      	; 0x1e <__zero_reg__+0x1d>
  18:	98 2f       	mov	r25, r24
  1a:	95 73       	andi	r25, 0x35	; 53
  1c:	29 f4       	brne	.+10     	; 0x28 <__zero_reg__+0x27>
  #endif
    // Start the app.
    // Dont bother trying to stuff it in r_2, which requires heroic effort to fish out
    // Note 11/30/21: Mangled name of that second register so the asm can be searched to see which regs are unused.
    // we'll put it in GPIOR0 (aka GPR.GPR0) where it won't get stomped on.
    RSTCTRL.RSTFR=ch; //clear the reset causes before jumping to app...
  1e:	80 93 40 00 	sts	0x0040, r24	; 0x800040 <__TEXT_REGION_LENGTH__+0x700040>
    GPR.GPR0 = ch;    // but, stash the reset cause in GPIOR0 for use by app...
  22:	8c bb       	out	0x1c, r24	; 28
    // or was BOR or POR
    // (if it wasn't the last reset that was from WDT, then we'd have gotten here and cleared it when it was)
    // So the WDT is ONLY on if it is fused on, in which case we can't turn it off anyway!
    // thus this call is unnecessary! Save 2 instruction words!
    // watchdogConfig(WDT_PERIOD_OFF_gc);
    __asm__ __volatile__ (
  24:	0c 94 00 01 	jmp	0x200	; 0x200 <optiboot_version+0x2>
    );
  } // end of jumping to app

  // We don't have to load the lower byte, save a word.
  // buff.word = RAMSTART;
  __asm__ __volatile__ (
  28:	50 e6       	ldi	r21, 0x60	; 96
  // is erased. We increment it by one to make it 0x00 to do a cpse
  // with r1 right before the spm insn that would erase a page.
  // It is dangerous, but at that point we can expect isr vectors
  // which are usually jmp/rjmp instructions and those will never
  // have 0xFF at this address.
  __asm__ __volatile__(
  2a:	f8 ed       	ldi	r31, 0xD8	; 216
  2c:	f4 bf       	out	0x34, r31	; 52
  2e:	10 92 01 10 	sts	0x1001, r1	; 0x801001 <__TEXT_REGION_LENGTH__+0x701001>
  32:	f2 e8       	ldi	r31, 0x82	; 130
  34:	20 80       	ld	r2, Z
  36:	23 94       	inc	r2
  : "r31"  // Set FLMAP to 0
  );
  #endif

  #if defined (ASM_UART)
    _usart = &MYUART;   // ! Y reg must be set before the first function call
  38:	c0 e0       	ldi	r28, 0x00	; 0
  3a:	d8 e0       	ldi	r29, 0x08	; 8
  #endif

  // Set up watchdog to trigger after a bit
  // No reason not to do this early.
  // Nominally:, 1s for autoreset, 8s for manual reset
  watchdogConfig(WDTPERIOD);
  3c:	88 e0       	ldi	r24, 0x08	; 8
  3e:	b8 d0       	rcall	.+368    	; 0x1b0 <watchdogConfig>
  // bootloader. In this case reset flags will be empty, which triggers a
  // defensive reset. since the peripherals could be hosed.
  // Hence, if WDT is on, it was fused on so we can't touch it
  // but we just got out of reset less than 3 us ago, so don't have to worry

  MYUART_TXPORT.DIR |= MYUART_TXPIN; // set TX pin to output
  40:	00 9a       	sbi	0x00, 0	; 0
  //MYUART_TXPORT.OUT |= MYUART_TXPIN;  // and "1" as per datasheet
  MYUART_RXPINCTRL = 0x08;
  42:	88 e0       	ldi	r24, 0x08	; 8
  44:	80 93 11 04 	sts	0x0411, r24	; 0x800411 <__TEXT_REGION_LENGTH__+0x700411>
    MYPMUX_REG = MYUART_PMUX_VAL;   // alternate pinout to use
  #endif

  #if defined (ASM_UART)
    #if (BAUD_SETTING_4 < 256)
      _usart->BAUDL = BAUD_SETTING_4;
  48:	8a e8       	ldi	r24, 0x8A	; 138
  4a:	88 87       	std	Y+8, r24	; 0x08
    #else
      _usart->BAUDL = (BAUD_SETTING_4 & 0xFF);
      _usart->BAUDH = (BAUD_SETTING_4 >> 8);
    #endif
      //_usart->DBGCTRL = 1;  // run during debug
      _usart->CTRLC = (USART_CHSIZE_gm & USART_CHSIZE_8BIT_gc);  // Async, Parity Disabled, 1 StopBit
  4c:	83 e0       	ldi	r24, 0x03	; 3
  4e:	8f 83       	std	Y+7, r24	; 0x07
      //_usart->CTRLA = 0;  // Interrupts: all off - Unnecessary! We ensured that the chip was freshly reset so this is already 0.
      _usart->CTRLB = USART_RXEN_bm | USART_TXEN_bm;
  50:	80 ec       	ldi	r24, 0xC0	; 192
  52:	8e 83       	std	Y+6, r24	; 0x06
      MYUART.CTRLB = USART_RXEN_bm | USART_TXEN_bm;
  #endif

  #if (LED_START_FLASHES > 0) || defined(LED_DATA_FLASH) || defined(LED_START_ON)
    /* Set LED pin as output */
    LED_PORT.DIR |= LED;
  54:	06 9a       	sbi	0x00, 6	; 0
  56:	86 e0       	ldi	r24, 0x06	; 6

  #define LED_DELAY ((4000000)/150)

  void flash_led () {
    for (uint8_t count = 0; count < FLASH_COUNT; count++) {
      LED_PORT.IN |= LED;
  58:	16 9a       	sbi	0x02, 6	; 2
  5a:	2a e2       	ldi	r18, 0x2A	; 42
  5c:	38 e6       	ldi	r19, 0x68	; 104

      for(uint16_t delay = 0; delay < LED_DELAY; delay++) {
        watchdogReset();
  5e:	a8 95       	wdr
        if (_usart->STATUS & USART_RXCIF_bm) {
  60:	9c 81       	ldd	r25, Y+4	; 0x04
  62:	97 fd       	sbrc	r25, 7
  64:	03 c0       	rjmp	.+6      	; 0x6c <__SREG__+0x2d>
  66:	21 50       	subi	r18, 0x01	; 1
  68:	31 09       	sbc	r19, r1

  void flash_led () {
    for (uint8_t count = 0; count < FLASH_COUNT; count++) {
      LED_PORT.IN |= LED;

      for(uint16_t delay = 0; delay < LED_DELAY; delay++) {
  6a:	c9 f7       	brne	.-14     	; 0x5e <__SREG__+0x1f>
  6c:	81 50       	subi	r24, 0x01	; 1
  #endif

  /* Forever loop: exits by causing WDT reset */
  for (;;) {
    /* get character from UART */
    ch = getch();
  6e:	a1 f7       	brne	.-24     	; 0x58 <__SREG__+0x19>
  70:	97 d0       	rcall	.+302    	; 0x1a0 <getch>
  72:	18 2f       	mov	r17, r24

    if (ch == STK_GET_PARAMETER) {
  74:	81 34       	cpi	r24, 0x41	; 65
      uint8_t type = getch();
  76:	71 f4       	brne	.+28     	; 0x94 <__SREG__+0x55>
  78:	93 d0       	rcall	.+294    	; 0x1a0 <getch>
      verifySpace();
  7a:	18 2f       	mov	r17, r24
  7c:	a2 d0       	rcall	.+324    	; 0x1c2 <verifySpace>
      /*
       * Send optiboot version as "SW version"
       * Note that the references to memory are optimized away.
       */
      if (type == STK_SW_MINOR) {
        putch(optiboot_version & 0xFF);
  7e:	82 e0       	ldi	r24, 0x02	; 2
      verifySpace();
      /*
       * Send optiboot version as "SW version"
       * Note that the references to memory are optimized away.
       */
      if (type == STK_SW_MINOR) {
  80:	12 38       	cpi	r17, 0x82	; 130
  82:	21 f0       	breq	.+8      	; 0x8c <__SREG__+0x4d>
        putch(optiboot_version & 0xFF);
      } else if (type == STK_SW_MAJOR) {
  84:	8a e1       	ldi	r24, 0x1A	; 26
      } else {
        /*
         * GET PARAMETER returns a generic 0x03 reply for
         * other parameters - enough to keep Avrdude happy
         */
        putch(0x03);
  86:	11 38       	cpi	r17, 0x81	; 129
  88:	09 f0       	breq	.+2      	; 0x8c <__SREG__+0x4d>
  8a:	83 e0       	ldi	r24, 0x03	; 3
      }
    } else {
      // This covers the response to commands like STK_ENTER_PROGMODE
      verifySpace();
    }
    putch(STK_OK);
  8c:	83 d0       	rcall	.+262    	; 0x194 <putch>
  8e:	80 e1       	ldi	r24, 0x10	; 16
  90:	81 d0       	rcall	.+258    	; 0x194 <putch>
  #endif

  /* Forever loop: exits by causing WDT reset */
  for (;;) {
    /* get character from UART */
    ch = getch();
  92:	ee cf       	rjmp	.-36     	; 0x70 <__SREG__+0x31>
         * GET PARAMETER returns a generic 0x03 reply for
         * other parameters - enough to keep Avrdude happy
         */
        putch(0x03);
      }
    } else if (ch == STK_SET_DEVICE) {
  94:	84 e1       	ldi	r24, 0x14	; 20
  96:	12 34       	cpi	r17, 0x42	; 66
        // SET DEVICE is ignored
        getNch(20);
    } else if (ch == STK_SET_DEVICE_EXT) {
  98:	19 f0       	breq	.+6      	; 0xa0 <__SREG__+0x61>
        // SET DEVICE EXT is ignored
        getNch(5);
  9a:	15 34       	cpi	r17, 0x45	; 69
  9c:	19 f4       	brne	.+6      	; 0xa4 <__SREG__+0x65>
  9e:	85 e0       	ldi	r24, 0x05	; 5
    } else if (ch == STK_LOAD_ADDRESS) {
  a0:	98 d0       	rcall	.+304    	; 0x1d2 <getNch>
  a2:	f5 cf       	rjmp	.-22     	; 0x8e <__SREG__+0x4f>
        // LOAD ADDRESS. Address is always send before a page is written
        address.bytes[0] = getch();
  a4:	15 35       	cpi	r17, 0x55	; 85
  a6:	31 f4       	brne	.+12     	; 0xb4 <__SREG__+0x75>
        address.bytes[1] = getch();
  a8:	7b d0       	rcall	.+246    	; 0x1a0 <getch>
  aa:	e8 2e       	mov	r14, r24
          write_buffered_flash(length);
        }
      }
    } else {
      // This covers the response to commands like STK_ENTER_PROGMODE
      verifySpace();
  ac:	79 d0       	rcall	.+242    	; 0x1a0 <getch>
  ae:	f8 2e       	mov	r15, r24
  b0:	88 d0       	rcall	.+272    	; 0x1c2 <verifySpace>
        // LOAD ADDRESS. Address is always send before a page is written
        address.bytes[0] = getch();
        address.bytes[1] = getch();
        // byte addressed!
        verifySpace();
    } else if (ch == STK_UNIVERSAL) {
  b2:	ed cf       	rjmp	.-38     	; 0x8e <__SREG__+0x4f>
  b4:	16 35       	cpi	r17, 0x56	; 86
      uint8_t cmd = getch();
  b6:	c9 f4       	brne	.+50     	; 0xea <eraseF+0x20>
  b8:	73 d0       	rcall	.+230    	; 0x1a0 <getch>
  ba:	18 2f       	mov	r17, r24
      (void) cmd; // in some configurations cmd might be unused.
      getch();    // read one more byte o that we will have enough space for the trailing
  bc:	71 d0       	rcall	.+226    	; 0x1a0 <getch>
  be:	1c 3a       	cpi	r17, 0xAC	; 172
                  // bytes and EOP. Have to use this order so that gcc can optimize all getNch
                  // and putch together at the end of the if else (For chip erase support)
      #if defined(ENABLE_CHIP_ERASE)
        if (cmd == AVR_OP_ERASE_FLASH) {
  c0:	81 f4       	brne	.+32     	; 0xe2 <eraseF+0x18>
  c2:	f2 e0       	ldi	r31, 0x02	; 2
#if MAPPED_PROGMEM_PAGE_SIZE > 255    /* Dx only basically */

// test  64dd32 ok
// test 128db28 ok
#define MAX_ERASE_CNT (NVMCTRL_CMD_FLPER_gc + PROGMEM_SIZE/MAPPED_PROGMEM_PAGE_SIZE/32 - 1 + 5) /* e.g. 64kb: 128-1 = 1 + 2 + 4 + 8 + 16 + 3*32 */
__asm__ __volatile__(
  c4:	a1 e0       	ldi	r26, 0x01	; 1
  c6:	0a 2e       	mov	r0, r26
  c8:	88 e0       	ldi	r24, 0x08	; 8

000000ca <eraseF>:
  ca:	8e 30       	cpi	r24, 0x0E	; 14
  cc:	14 f4       	brge	.+4      	; 0xd2 <eraseF+0x8>
  ce:	86 d0       	rcall	.+268    	; 0x1dc <nvm_cmd>
  d0:	aa 0f       	add	r26, r26
  d2:	e8 95       	spm
  d4:	fa 0f       	add	r31, r26
  d6:	08 f4       	brcc	.+2      	; 0xda <eraseF+0x10>
  d8:	0b be       	out	0x3b, r0	; 59
  da:	8f 5f       	subi	r24, 0xFF	; 255
  dc:	80 31       	cpi	r24, 0x10	; 16
          // response
          putch(0x00);
        } else
      #endif
      {
        getNch(2);  // 2+1 = 3 == UART FIFO size
  de:	a8 f3       	brcs	.-22     	; 0xca <eraseF>
  e0:	1b be       	out	0x3b, r1	; 59
  e2:	82 e0       	ldi	r24, 0x02	; 2
        putch(0x00);
  e4:	76 d0       	rcall	.+236    	; 0x1d2 <getNch>
  e6:	80 e0       	ldi	r24, 0x00	; 0
      }
    /* Get device signature bytes  */
    } else if (ch == STK_READ_SIGN) {    /* == 0x70 + verify */
  e8:	d1 cf       	rjmp	.-94     	; 0x8c <__SREG__+0x4d>
      // Easy, they're already in a mapped register... but we know the flash size at compile time, and it saves us 2 bytes of flash for each one we don't need to know...
      verifySpace();
  ea:	15 37       	cpi	r17, 0x75	; 117
  ec:	41 f4       	brne	.+16     	; 0xfe <eraseF+0x34>
      putch(0x1E);          // why even bother reading this, ever? If it's running on something, and the first byte isn't 0x1E, something weird enough has happened that nobody will begrudge you a bootloader rebuild!
  ee:	69 d0       	rcall	.+210    	; 0x1c2 <verifySpace>
  f0:	8e e1       	ldi	r24, 0x1E	; 30
  f2:	50 d0       	rcall	.+160    	; 0x194 <putch>
      #if (PROGMEM_SIZE <= 32768) // at 32k or less,
        putch(SIGROW_DEVICEID1);
      #elif (PROGMEM_SIZE==131072) // These have RAMPZ and 4 mapped flash sections
        putch(0x97);
      #elif (PROGMEM_SIZE==65536) // These are also unique - no rampz, but they can only map half the flash at a time.
        putch(0x96);
  f4:	86 e9       	ldi	r24, 0x96	; 150
  f6:	4e d0       	rcall	.+156    	; 0x194 <putch>
  f8:	80 91 02 11 	lds	r24, 0x1102	; 0x801102 <__TEXT_REGION_LENGTH__+0x701102>
      #endif
      putch(SIGROW_DEVICEID2);
  fc:	c7 cf       	rjmp	.-114    	; 0x8c <__SREG__+0x4d>
    } else if (ch == STK_LEAVE_PROGMODE) { /* == 0x51 + verify */
  fe:	11 35       	cpi	r17, 0x51	; 81
 100:	19 f4       	brne	.+6      	; 0x108 <eraseF+0x3e>
      // Adaboot no-wait mod
      watchdogConfig(WDT_PERIOD_8CLK_gc);
 102:	81 e0       	ldi	r24, 0x01	; 1
 104:	55 d0       	rcall	.+170    	; 0x1b0 <watchdogConfig>
 106:	d4 cf       	rjmp	.-88     	; 0xb0 <__SREG__+0x71>
      verifySpace();

    /* Write up to 1 page of flash (or EEPROM, except that isn't supported due to space) */
    } else if ((ch & 0xEF) == STK_PROG_PAGE) {   // 0xEF == ~0x10 == 0x74-0x64
 108:	81 2f       	mov	r24, r17
 10a:	8f 7e       	andi	r24, 0xEF	; 239
 10c:	84 36       	cpi	r24, 0x64	; 100
 10e:	09 f0       	breq	.+2      	; 0x112 <eraseF+0x48>
 110:	cf cf       	rjmp	.-98     	; 0xb0 <__SREG__+0x71>
      pagelen_t length;
      GETLENGTH(length);
 112:	46 d0       	rcall	.+140    	; 0x1a0 <getch>
 114:	d8 2e       	mov	r13, r24
 116:	44 d0       	rcall	.+136    	; 0x1a0 <getch>
 118:	c8 2e       	mov	r12, r24
      uint8_t desttype = getch();
 11a:	42 d0       	rcall	.+132    	; 0x1a0 <getch>
 11c:	08 2f       	mov	r16, r24
 11e:	14 ff       	sbrs	r17, 4

      if (ch & 0x10) {  // = 0x74 == STK_READ_PAGE
 120:	11 c0       	rjmp	.+34     	; 0x144 <doTxCh+0xa>
 122:	4f d0       	rcall	.+158    	; 0x1c2 <verifySpace>
        verifySpace();
 124:	f7 01       	movw	r30, r14
 126:	06 34       	cpi	r16, 0x46	; 70
        addr16_t pSrc;
        pSrc.word = address.word;
 128:	31 f4       	brne	.+12     	; 0x136 <doFRead+0xa>
          }
          write_nCh(pSrc.bptr, length);
        #else
          // the entire flash does not fit in the same address space
          // so we call that helper function.
          if (desttype == 'F') {
 12a:	d6 01       	movw	r26, r12

0000012c <doFRead>:
 12c:	85 91       	lpm	r24, Z+
}

static inline void read_flash(uint8_t* src, pagelen_t length)
{
  #if defined(ASM_READ_FLASH)
    ASM_READ_FLASH(src, length);
 12e:	32 d0       	rcall	.+100    	; 0x194 <putch>
 130:	11 97       	sbiw	r26, 0x01	; 1
 132:	e1 f7       	brne	.-8      	; 0x12c <doFRead>
 134:	ac cf       	rjmp	.-168    	; 0x8e <__SREG__+0x4f>
 136:	fc 5e       	subi	r31, 0xEC	; 236
          // the entire flash does not fit in the same address space
          // so we call that helper function.
          if (desttype == 'F') {
            read_flash(pSrc.bptr, length);
          } else { // it's EEPROM and we just read it
            pSrc.word += MAPPED_EEPROM_START;   /* Low byte is always 0 */
 138:	d6 01       	movw	r26, r12

0000013a <doTxCh>:
  #endif
}

static inline void write_nCh(uint8_t* src, pagelen_t count) {
  #if defined(ASM_COPY_TX)
    ASM_COPY_TX(src, count);
 13a:	81 91       	ld	r24, Z+
 13c:	2b d0       	rcall	.+86     	; 0x194 <putch>
 13e:	11 97       	sbiw	r26, 0x01	; 1
 140:	e1 f7       	brne	.-8      	; 0x13a <doTxCh>
 142:	a5 cf       	rjmp	.-182    	; 0x8e <__SREG__+0x4f>
}


static inline void read_nCh(uint8_t* dst, pagelen_t count) {
  #if defined(ASM_COPY_RX)
    ASM_COPY_RX(dst, count);
 144:	fa 01       	movw	r30, r20
 146:	d6 01       	movw	r26, r12

00000148 <doRxCh>:
 148:	2b d0       	rcall	.+86     	; 0x1a0 <getch>
 14a:	81 93       	st	Z+, r24
 14c:	11 97       	sbiw	r26, 0x01	; 1
 14e:	e1 f7       	brne	.-8      	; 0x148 <doRxCh>
            write_nCh(pSrc.bptr, length);
          }
        #endif
      } else {        // = 0x64 == STK_PROG_PAGE
        read_nCh(buff.bptr, length);
        verifySpace();  // Read command terminator, start reply
 150:	38 d0       	rcall	.+112    	; 0x1c2 <verifySpace>
 152:	05 34       	cpi	r16, 0x45	; 69

        if (desttype == 'E') {
 154:	69 f4       	brne	.+26     	; 0x170 <doCp444+0xa>
 156:	5a 01       	movw	r10, r20

static inline void write_buffered_eeprom(length_t len) {
  #if (defined(BIGBOOT) && BIGBOOT) || defined(TRY_USING_EEPROM)
    addr16_t pSrc;
    addr16_t pDst;
    pSrc.word = buff.word;
 158:	87 01       	movw	r16, r14
    pDst.word = address.word;
    pDst.word += MAPPED_EEPROM_START;   /* Low byte is always 0 */
 15a:	1c 5e       	subi	r17, 0xEC	; 236
 15c:	83 e1       	ldi	r24, 0x13	; 19

    #ifndef __AVR_Ex__
    nvm_cmd(NVMCTRL_CMD_EEERWR_gc);
 15e:	3e d0       	rcall	.+124    	; 0x1dc <nvm_cmd>
 160:	f8 01       	movw	r30, r16
 162:	d5 01       	movw	r26, r10
    #endif
    #if defined(ASM_COPY_MEM)
      ASM_COPY_MEM(pDst.bptr, pSrc.bptr, len);
 164:	c6 01       	movw	r24, r12

00000166 <doCp444>:
 166:	0d 90       	ld	r0, X+
 168:	01 92       	st	Z+, r0
 16a:	01 97       	sbiw	r24, 0x01	; 1
 16c:	e1 f7       	brne	.-8      	; 0x166 <doCp444>
 16e:	8f cf       	rjmp	.-226    	; 0x8e <__SREG__+0x4f>
 170:	f7 01       	movw	r30, r14
 172:	da 01       	movw	r26, r20
    #endif
    #if defined __AVR_Ex__
      nvm_cmd(NVMCTRL_CMD_FLPERW_gc);
    #endif
  #else // MAPPED by WORD
    __asm__ __volatile__ (
 174:	88 e0       	ldi	r24, 0x08	; 8
 176:	32 d0       	rcall	.+100    	; 0x1dc <nvm_cmd>
 178:	e8 95       	spm
 17a:	82 e0       	ldi	r24, 0x02	; 2
 17c:	2f d0       	rcall	.+94     	; 0x1dc <nvm_cmd>
 17e:	c6 01       	movw	r24, r12

00000180 <head>:
 180:	0d 90       	ld	r0, X+
 182:	1d 90       	ld	r1, X+
 184:	e8 95       	spm
 186:	32 96       	adiw	r30, 0x02	; 2
 188:	02 97       	sbiw	r24, 0x02	; 2
 18a:	d1 f7       	brne	.-12     	; 0x180 <head>
 18c:	88 27       	eor	r24, r24
 18e:	26 d0       	rcall	.+76     	; 0x1dc <nvm_cmd>
 190:	11 24       	eor	r1, r1
 192:	7d cf       	rjmp	.-262    	; 0x8e <__SREG__+0x4f>

00000194 <putch>:
 194:	9c 81       	ldd	r25, Y+4	; 0x04
 196:	95 ff       	sbrs	r25, 5
void putch (char ch) {
  #if defined(ASM_UART)
    while (1) {
     uint8_t status;
     GET_UART_STATUS(status);
     if (status & USART_DREIF_bm) break;
 198:	fd cf       	rjmp	.-6      	; 0x194 <putch>
    }
    SET_UART_DATA(ch);
 19a:	8a 83       	std	Y+2, r24	; 0x02
  #else
    while (0 == (MYUART.STATUS & USART_DREIF_bm))
      ;
    MYUART.TXDATAL = ch;
  #endif
  watchdogReset();
 19c:	a8 95       	wdr
}
 19e:	08 95       	ret

000001a0 <getch>:
uint8_t getch (void) {
  uint8_t ch;
  #if defined(ASM_UART)
    while (1) {
      uint8_t status;
      GET_UART_STATUS(status);
 1a0:	8c 81       	ldd	r24, Y+4	; 0x04
      if (status & USART_RXCIF_bm) break;
 1a2:	87 ff       	sbrs	r24, 7
 1a4:	fd cf       	rjmp	.-6      	; 0x1a0 <getch>
    }
    GET_UART_DATA(ch);  // low byte has to be read first
 1a6:	88 81       	ld	r24, Y
    asm __volatile__(             // This asm saves a word
 1a8:	99 81       	ldd	r25, Y+1	; 0x01
 1aa:	92 ff       	sbrs	r25, 2
 1ac:	a8 95       	wdr
  #ifdef LED_DATA_FLASH
    LED_PORT.IN |= LED;
  #endif

  return ch;
}
 1ae:	08 95       	ret

000001b0 <watchdogConfig>:
/*
 * Change the watchdog configuration.
 * Could be a new timeout, could be off...
 */
void watchdogConfig (uint8_t config) {
  while(WDT.STATUS & WDT_SYNCBUSY_bm)
 1b0:	90 91 01 01 	lds	r25, 0x0101	; 0x800101 <__TEXT_REGION_LENGTH__+0x700101>
 1b4:	90 fd       	sbrc	r25, 0
 1b6:	fc cf       	rjmp	.-8      	; 0x1b0 <watchdogConfig>
    ;  // Busy wait for sycnhronization is required!
  _PROTECTED_WRITE(WDT.CTRLA, config);
 1b8:	98 ed       	ldi	r25, 0xD8	; 216
 1ba:	94 bf       	out	0x34, r25	; 52
 1bc:	80 93 00 01 	sts	0x0100, r24	; 0x800100 <__TEXT_REGION_LENGTH__+0x700100>
}
 1c0:	08 95       	ret

000001c2 <verifySpace>:

  verifySpace();
}

void verifySpace () {
  if (getch() != CRC_EOP) {
 1c2:	ee df       	rcall	.-36     	; 0x1a0 <getch>
 1c4:	80 32       	cpi	r24, 0x20	; 32
 1c6:	19 f0       	breq	.+6      	; 0x1ce <verifySpace+0xc>
    watchdogConfig(WDT_PERIOD_8CLK_gc);    // shorten WD timeout
 1c8:	81 e0       	ldi	r24, 0x01	; 1
 1ca:	f2 df       	rcall	.-28     	; 0x1b0 <watchdogConfig>
 1cc:	ff cf       	rjmp	.-2      	; 0x1cc <verifySpace+0xa>
    while (1)      // and busy-loop so that WD causes
      ;            // a reset and app start.
  }
  putch(STK_INSYNC);
 1ce:	84 e1       	ldi	r24, 0x14	; 20
 1d0:	e1 cf       	rjmp	.-62     	; 0x194 <putch>

000001d2 <getNch>:
 1d2:	08 2e       	mov	r0, r24

void getNch (uint8_t count) {
  // This assembly avoids a push/pop as we know exactly the affected
  // Registers of getch(), allowing us to use r25.
  #if defined(ASM_GET_NCH)
   ASM_GET_NCH(count);
 1d4:	e5 df       	rcall	.-54     	; 0x1a0 <getch>
 1d6:	0a 94       	dec	r0
 1d8:	e9 f7       	brne	.-6      	; 0x1d4 <getNch+0x2>
  #else
    do getch(); while (--count);
  #endif

  verifySpace();
 1da:	f3 cf       	rjmp	.-26     	; 0x1c2 <verifySpace>

000001dc <nvm_cmd>:
 1dc:	9d e9       	ldi	r25, 0x9D	; 157
  // So - remove the request for the compiler to give that constant to us in a register. Instead, we pick r25 for it,
  // use it, and declare it clobbered. THEN, in the above routine, we instead ask for len as a read-only operand, and then
  // copy it to r25, use that normally, and again declare r25 clobbered.
  // We know that the command will be in r24, since that's where it starts, and the compiler won't
  // move a register if inline asm call
  __asm__ __volatile__("ldi r25, 0x9D"               "\n\t"
 1de:	94 bf       	out	0x34, r25	; 52
 1e0:	10 92 00 10 	sts	0x1000, r1	; 0x801000 <__TEXT_REGION_LENGTH__+0x701000>
 1e4:	94 bf       	out	0x34, r25	; 52
 1e6:	80 93 00 10 	sts	0x1000, r24	; 0x801000 <__TEXT_REGION_LENGTH__+0x701000>
 1ea:	08 95       	ret

Disassembly of section .nvmc:

000001f8 <nvmc>:
 */

#ifndef APP_NOSPM
  const __attribute__((section(".nvmc"))) __attribute__((used))       // AVR Ex requires nmv_cmd to execute from boot section
  void __attribute__((naked)) nvmc(uint8_t cmd) {
    __asm__ __volatile__(" rjmp nvm_cmd  \n");  
 1f8:	f1 cf       	rjmp	.-30     	; 0x1dc <nvm_cmd>

Disassembly of section .spmtarg:

000001fa <spm>:
  }
  const __attribute__((section(".spmtarg"))) __attribute__((used))    // write to program memory from boot section
  void __attribute__((naked)) spm(void) {
    __asm__ __volatile__( 
 1fa:	f8 95       	spm	Z+
 1fc:	08 95       	ret

Disassembly of section .version:

000001fe <optiboot_version>:
 1fe:	02 1a       	sub	r0, r18
